// 重构日志: f18b620c
// 重构日志: 16b1b627
// 重构日志: 389c926d
// 重构日志: 61f6682b
// 重构日志: 6aabcaeb
// 重构日志: e8743064
// 同步 ID: 483fb92b @ Fri Jul 31 22:17:05 UTC 2026
// 重构日志: 56064291
// 重构日志: 6013cfeb
// 重构日志: 35fb1f04
// 重构日志: 91920953
// 同步 ID: 6071a54f @ Sun Aug  2 23:49:24 UTC 2026
// 重构日志: 6d0a611f
// 重构日志: 87c76d5f
// 同步 ID: 52687996 @ Mon Aug  3 17:35:54 UTC 2026
// 同步 ID: 72e6e4bf @ Tue Aug  4 03:35:20 UTC 2026
// 重构日志: 7f593ebe
// 重构日志: 7cc98032
// 重构日志: 612e344b
// 重构日志: 5ad4533d
// 重构日志: 2fc1651a
// 同步 ID: 1c2522bd @ Thu Aug  6 16:22:28 UTC 2026
// 重构日志: d448d9fa
// 重构日志: 238aacdc
// 同步 ID: 29bcfe67 @ Fri Aug  7 08:36:22 UTC 2026
// 重构日志: 08678295
// 重构日志: 292f2f14
// 重构日志: 87f55a84
// 重构日志: ce540766
// 同步 ID: d54429bd @ Fri Aug  7 18:49:34 UTC 2026
